// Jest Snapshot v1, https://goo.gl/fbAQLP

exports[`Should render Login page 1`] = `
<div
  className="box-layout"
>
  <div
    className="box-layout__box"
  >
    <h1
      className="box-layout__title"
    >
      Budget App
    </h1>
    <button
      className="login-button"
      onClick={[Function]}
    >
      <div
        className="g-logo"
      />
      Login with Google
    </button>
  </div>
</div>
`;
